

================================================================
== Vitis HLS Report for 'pow_generic_double_s'
================================================================
* Date:           Fri Feb 26 14:18:53 2021

* Version:        2020.1 (Build 2902540 on Wed May 27 20:16:15 MDT 2020)
* Project:        FPS
* Solution:       opt (Vitis Kernel Flow Target)
* Product family: virtexuplus
* Target device:  xcu200-fsgd2104-2-e


================================================================
== Performance Estimates
================================================================
+ Timing: 
    * Summary: 
    +--------+----------+----------+------------+
    |  Clock |  Target  | Estimated| Uncertainty|
    +--------+----------+----------+------------+
    |ap_clk  | 10.00 ns | 7.125 ns |   2.70 ns  |
    +--------+----------+----------+------------+

+ Latency: 
    * Summary: 
    +---------+---------+----------+----------+-----+-----+----------+
    |  Latency (cycles) |  Latency (absolute) |  Interval | Pipeline |
    |   min   |   max   |    min   |    max   | min | max |   Type   |
    +---------+---------+----------+----------+-----+-----+----------+
    |       17|       17| 0.170 us | 0.170 us |    1|    1| function |
    +---------+---------+----------+----------+-----+-----+----------+

    + Detail: 
        * Instance: 
        N/A

        * Loop: 
        N/A



================================================================
== Utilization Estimates
================================================================
* Summary: 
+---------------------+---------+------+---------+---------+-----+
|         Name        | BRAM_18K|  DSP |    FF   |   LUT   | URAM|
+---------------------+---------+------+---------+---------+-----+
|DSP                  |        -|     1|        -|        -|    -|
|Expression           |        -|     -|        0|     4709|    -|
|FIFO                 |        -|     -|        -|        -|    -|
|Instance             |        -|    64|        0|      971|    -|
|Memory               |       30|     -|        6|        6|    -|
|Multiplexer          |        -|     -|        -|        -|    -|
|Register             |        -|     -|     2886|      512|    -|
+---------------------+---------+------+---------+---------+-----+
|Total                |       30|    65|     2892|     6198|    0|
+---------------------+---------+------+---------+---------+-----+
|Available SLR        |     1440|  2280|   788160|   394080|  320|
+---------------------+---------+------+---------+---------+-----+
|Utilization SLR (%)  |        2|     2|    ~0   |        1|    0|
+---------------------+---------+------+---------+---------+-----+
|Available            |     4320|  6840|  2364480|  1182240|  960|
+---------------------+---------+------+---------+---------+-----+
|Utilization (%)      |    ~0   |  ~0  |    ~0   |    ~0   |    0|
+---------------------+---------+------+---------+---------+-----+

+ Detail: 
    * Instance: 
    +---------------------------+-----------------------+---------+----+---+-----+-----+
    |          Instance         |         Module        | BRAM_18K| DSP| FF| LUT | URAM|
    +---------------------------+-----------------------+---------+----+---+-----+-----+
    |mul_12s_80ns_90_1_1_U9     |mul_12s_80ns_90_1_1    |        0|   5|  0|   89|    0|
    |mul_13s_71s_71_1_1_U11     |mul_13s_71s_71_1_1     |        0|   4|  0|   71|    0|
    |mul_36ns_43ns_79_1_1_U12   |mul_36ns_43ns_79_1_1   |        0|   4|  0|   19|    0|
    |mul_40ns_40ns_80_1_1_U10   |mul_40ns_40ns_80_1_1   |        0|   5|  0|   28|    0|
    |mul_44ns_49ns_93_1_1_U13   |mul_44ns_49ns_93_1_1   |        0|   6|  0|   17|    0|
    |mul_4ns_71ns_75_1_1_U2     |mul_4ns_71ns_75_1_1    |        0|   0|  0|   71|    0|
    |mul_50ns_50ns_100_1_1_U14  |mul_50ns_50ns_100_1_1  |        0|   9|  0|   21|    0|
    |mul_6ns_54s_54_1_1_U1      |mul_6ns_54s_54_1_1     |        0|   3|  0|   25|    0|
    |mul_6ns_73ns_79_1_1_U3     |mul_6ns_73ns_79_1_1    |        0|   4|  0|   75|    0|
    |mul_6ns_77ns_83_1_1_U8     |mul_6ns_77ns_83_1_1    |        0|   4|  0|   83|    0|
    |mul_6ns_82ns_88_1_1_U7     |mul_6ns_82ns_88_1_1    |        0|   5|  0|  102|    0|
    |mul_6ns_83ns_89_1_1_U4     |mul_6ns_83ns_89_1_1    |        0|   5|  0|  106|    0|
    |mul_6ns_87ns_93_1_1_U6     |mul_6ns_87ns_93_1_1    |        0|   5|  0|  122|    0|
    |mul_6ns_92ns_98_1_1_U5     |mul_6ns_92ns_98_1_1    |        0|   5|  0|  142|    0|
    +---------------------------+-----------------------+---------+----+---+-----+-----+
    |Total                      |                       |        0|  64|  0|  971|    0|
    +---------------------------+-----------------------+---------+----+---+-----+-----+

    * DSP: 
    +------------------------------------+--------------------------------+--------------+
    |              Instance              |             Module             |  Expression  |
    +------------------------------------+--------------------------------+--------------+
    |mac_muladd_16s_16ns_19s_31_4_1_U15  |mac_muladd_16s_16ns_19s_31_4_1  | i0 * i1 + i2 |
    +------------------------------------+--------------------------------+--------------+

    * Memory: 
    +-----------------------------------------------------------------------------------------------------------------+----------------------------------------------------------------------------------+---------+---+----+-----+------+-----+------+-------------+
    |                                                      Memory                                                     |                                      Module                                      | BRAM_18K| FF| LUT| URAM| Words| Bits| Banks| W*Bits*Banks|
    +-----------------------------------------------------------------------------------------------------------------+----------------------------------------------------------------------------------+---------+---+----+-----+------+-----+------+-------------+
    |pow_reduce_anonymous_namespace_log0_lut_table_ap_fixed_121_12_ap_q_mode_5_ap_o_mode_3_0_double_0_5_64_array_V_U  |pow_generic_double_s_pow_reduce_anonymous_namespace_log0_lut_table_ap_fixed_1cud  |        4|  0|   0|    0|    64|  109|     1|         6976|
    |pow_reduce_anonymous_namespace_log_inverse_lut_table_pow_0_5_64_array_V_U                                        |pow_generic_double_s_pow_reduce_anonymous_namespace_log_inverse_lut_table_powbkb  |        0|  6|   6|    0|    64|    6|     1|          384|
    |pow_reduce_anonymous_namespace_log_lut_table_ap_fixed_121_12_ap_q_mode_5_ap_o_mode_3_0_4_4_16_array_V_U          |pow_generic_double_s_pow_reduce_anonymous_namespace_log_lut_table_ap_fixed_12dEe  |        3|  0|   0|    0|    16|  105|     1|         1680|
    |pow_reduce_anonymous_namespace_log_lut_table_ap_fixed_121_12_ap_q_mode_5_ap_o_mode_3_0_7_6_64_array_V_U          |pow_generic_double_s_pow_reduce_anonymous_namespace_log_lut_table_ap_fixed_12eOg  |        3|  0|   0|    0|    64|  102|     1|         6528|
    |pow_reduce_anonymous_namespace_log_lut_table_ap_fixed_121_12_ap_q_mode_5_ap_o_mode_3_0_12_6_64_array_V_U         |pow_generic_double_s_pow_reduce_anonymous_namespace_log_lut_table_ap_fixed_12fYi  |        3|  0|   0|    0|    64|   97|     1|         6208|
    |pow_reduce_anonymous_namespace_log_lut_table_ap_fixed_121_12_ap_q_mode_5_ap_o_mode_3_0_17_6_64_array_V_U         |pow_generic_double_s_pow_reduce_anonymous_namespace_log_lut_table_ap_fixed_12g8j  |        3|  0|   0|    0|    64|   92|     1|         5888|
    |pow_reduce_anonymous_namespace_log_lut_table_ap_fixed_121_12_ap_q_mode_5_ap_o_mode_3_0_22_6_64_array_V_U         |pow_generic_double_s_pow_reduce_anonymous_namespace_log_lut_table_ap_fixed_12hbi  |        3|  0|   0|    0|    64|   87|     1|         5568|
    |pow_reduce_anonymous_namespace_log_lut_table_ap_fixed_121_12_ap_q_mode_5_ap_o_mode_3_0_27_6_64_array_V_U         |pow_generic_double_s_pow_reduce_anonymous_namespace_log_lut_table_ap_fixed_12ibs  |        3|  0|   0|    0|    64|   82|     1|         5248|
    |pow_reduce_anonymous_namespace_log_lut_table_ap_fixed_121_12_ap_q_mode_5_ap_o_mode_3_0_32_6_64_array_V_U         |pow_generic_double_s_pow_reduce_anonymous_namespace_log_lut_table_ap_fixed_12jbC  |        3|  0|   0|    0|    64|   77|     1|         4928|
    |pow_reduce_anonymous_namespace_table_exp_Z1_ap_ufixed_58_1_ap_q_mode_5_ap_o_mode_3_0_array_V_U                   |pow_generic_double_s_pow_reduce_anonymous_namespace_table_exp_Z1_ap_ufixed_58kbM  |        2|  0|   0|    0|   256|   58|     1|        14848|
    |pow_reduce_anonymous_namespace_table_f_Z2_ap_ufixed_59_0_ap_q_mode_5_ap_o_mode_3_0_array_V_U                     |pow_generic_double_s_pow_reduce_anonymous_namespace_table_f_Z2_ap_ufixed_59_0mb6  |        2|  0|   0|    0|   256|   42|     1|        10752|
    |pow_reduce_anonymous_namespace_table_f_Z3_ap_ufixed_59_0_ap_q_mode_5_ap_o_mode_3_0_array_V_U                     |pow_generic_double_s_pow_reduce_anonymous_namespace_table_f_Z3_ap_ufixed_59_0lbW  |        1|  0|   0|    0|   256|   26|     1|         6656|
    +-----------------------------------------------------------------------------------------------------------------+----------------------------------------------------------------------------------+---------+---+----+-----+------+-----+------+-------------+
    |Total                                                                                                            |                                                                                  |       30|  6|   6|    0|  1296|  883|    12|        75664|
    +-----------------------------------------------------------------------------------------------------------------+----------------------------------------------------------------------------------+---------+---+----+-----+------+-----+------+-------------+

    * FIFO: 
    N/A

    * Expression: 
    +-----------------------------+----------+----+---+-----+------------+------------+
    |        Variable Name        | Operation| DSP| FF| LUT | Bitwidth P0| Bitwidth P1|
    +-----------------------------+----------+----+---+-----+------------+------------+
    |add_ln1146_1_fu_2014_p2      |     +    |   0|  0|  112|         105|         105|
    |add_ln1146_2_fu_2020_p2      |     +    |   0|  0|  113|         106|         106|
    |add_ln649_fu_1663_p2         |     +    |   0|  0|   20|          13|           1|
    |add_ln657_1_fu_1469_p2       |     +    |   0|  0|  110|         103|         103|
    |add_ln657_2_fu_1479_p2       |     +    |   0|  0|  120|         109|         109|
    |add_ln657_3_fu_1485_p2       |     +    |   0|  0|  120|          93|          93|
    |add_ln657_4_fu_1491_p2       |     +    |   0|  0|  107|          83|          83|
    |add_ln657_5_fu_1501_p2       |     +    |   0|  0|  120|          93|          93|
    |add_ln657_7_fu_1827_p2       |     +    |   0|  0|   43|          36|          36|
    |add_ln657_9_fu_1911_p2       |     +    |   0|  0|   51|          44|          44|
    |add_ln657_fu_1463_p2         |     +    |   0|  0|  116|         109|         109|
    |b_exp_1_fu_654_p2            |     +    |   0|  0|   19|          12|          11|
    |b_exp_fu_594_p2              |     +    |   0|  0|   19|          12|          11|
    |exp_Z1P_m_1_l_V_fu_1921_p2   |     +    |   0|  0|   59|          52|          52|
    |exp_Z2P_m_1_V_fu_1843_p2     |     +    |   0|  0|   51|          44|          44|
    |log_sum_V_1_fu_1511_p2       |     +    |   0|  0|  120|         109|         109|
    |p_Val2_11_fu_2115_p2         |     +    |   0|  0|   18|          11|          10|
    |r_exp_V_1_fu_2034_p2         |     +    |   0|  0|   20|          13|           2|
    |ret_V_16_fu_1579_p2          |     +    |   0|  0|  120|         120|         120|
    |ret_V_17_fu_1589_p2          |     +    |   0|  0|  120|         120|         120|
    |ret_V_23_fu_1947_p2          |     +    |   0|  0|   65|          58|           5|
    |ret_V_24_fu_2008_p2          |     +    |   0|  0|  114|         107|         107|
    |ret_V_25_fu_827_p2           |     +    |   0|  0|  120|          76|          76|
    |ret_V_26_fu_908_p2           |     +    |   0|  0|  120|          82|          82|
    |ret_V_27_fu_989_p2           |     +    |   0|  0|  120|         102|         102|
    |ret_V_28_fu_1078_p2          |     +    |   0|  0|  120|         121|         121|
    |ret_V_29_fu_1166_p2          |     +    |   0|  0|  120|         126|         126|
    |ret_V_30_fu_1254_p2          |     +    |   0|  0|  120|         131|         131|
    |ret_V_31_fu_1366_p2          |     +    |   0|  0|  120|         136|         136|
    |ret_V_33_fu_1784_p2          |     +    |   0|  0|   43|          36|          36|
    |m_diff_fu_1704_p2            |     -    |   0|  0|   66|          59|          59|
    |ret_V_11_fu_1196_p2          |     -    |   0|  0|  120|         126|         126|
    |ret_V_13_fu_1284_p2          |     -    |   0|  0|  120|         131|         131|
    |ret_V_15_fu_1396_p2          |     -    |   0|  0|  120|         136|         136|
    |ret_V_3_fu_850_p2            |     -    |   0|  0|  120|          76|          76|
    |ret_V_5_fu_938_p2            |     -    |   0|  0|  120|          82|          82|
    |ret_V_7_fu_1020_p2           |     -    |   0|  0|  120|         102|         102|
    |ret_V_9_fu_1108_p2           |     -    |   0|  0|  120|         121|         121|
    |ret_V_fu_1551_p2             |     -    |   0|  0|  125|         118|         118|
    |and_ln407_1_fu_697_p2        |    and   |   0|  0|    2|           1|           1|
    |and_ln407_fu_691_p2          |    and   |   0|  0|    2|           1|           1|
    |and_ln657_fu_2135_p2         |    and   |   0|  0|    2|           1|           1|
    |and_ln848_1_fu_2219_p2       |    and   |   0|  0|    2|           1|           1|
    |and_ln848_fu_2214_p2         |    and   |   0|  0|    2|           1|           1|
    |ap_block_pp0_stage0_11001    |    and   |   0|  0|    2|           1|           1|
    |sel_tmp13_fu_715_p2          |    and   |   0|  0|    2|           1|           1|
    |x_is_1_fu_612_p2             |    and   |   0|  0|    2|           1|           1|
    |x_is_NaN_fu_2153_p2          |    and   |   0|  0|    2|           1|           1|
    |x_is_p1_fu_624_p2            |    and   |   0|  0|    2|           1|           1|
    |icmp_ln369_fu_600_p2         |   icmp   |   0|  0|   13|          12|           1|
    |icmp_ln407_1_fu_685_p2       |   icmp   |   0|  0|   13|          11|           1|
    |icmp_ln407_2_fu_703_p2       |   icmp   |   0|  0|   13|          11|           1|
    |icmp_ln407_fu_679_p2         |   icmp   |   0|  0|   13|          11|           2|
    |icmp_ln805_fu_1657_p2        |   icmp   |   0|  0|   20|          18|           1|
    |icmp_ln828_1_fu_630_p2       |   icmp   |   0|  0|   13|          11|           2|
    |icmp_ln828_fu_606_p2         |   icmp   |   0|  0|   29|          52|           1|
    |icmp_ln844_fu_2056_p2        |   icmp   |   0|  0|    9|           3|           1|
    |icmp_ln848_fu_2077_p2        |   icmp   |   0|  0|   13|          13|          11|
    |ap_block_pp0_stage0_subdone  |    or    |   0|  0|    2|           1|           1|
    |or_ln407_1_fu_2170_p2        |    or    |   0|  0|    2|           1|           1|
    |or_ln407_2_fu_2183_p2        |    or    |   0|  0|    2|           1|           1|
    |or_ln407_3_fu_709_p2         |    or    |   0|  0|    2|           1|           1|
    |or_ln407_fu_2158_p2          |    or    |   0|  0|    2|           1|           1|
    |ap_return                    |  select  |   0|  0|   63|           1|          64|
    |b_exp_2_fu_660_p3            |  select  |   0|  0|   12|           1|          12|
    |mul_ln682_fu_752_p1          |  select  |   0|  0|   54|           1|          54|
    |r_exp_V_fu_1677_p3           |  select  |   0|  0|   13|           1|          13|
    |sel_tmp14_fu_2203_p3         |  select  |   0|  0|   63|           1|          64|
    |select_ln1287_fu_809_p3      |  select  |   0|  0|   75|           1|          76|
    |select_ln369_fu_2232_p3      |  select  |   0|  0|   63|           1|          64|
    |select_ln407_1_fu_2175_p3    |  select  |   0|  0|   63|           1|          64|
    |select_ln407_2_fu_2187_p3    |  select  |   0|  0|   63|           1|          64|
    |select_ln407_3_fu_2195_p3    |  select  |   0|  0|   63|           1|          64|
    |select_ln407_fu_2163_p3      |  select  |   0|  0|   63|           1|          62|
    |select_ln651_fu_2039_p3      |  select  |   0|  0|   13|           1|          13|
    |select_ln657_fu_2140_p3      |  select  |   0|  0|   63|           1|          64|
    |select_ln658_fu_2069_p3      |  select  |   0|  0|   63|           1|           1|
    |select_ln804_fu_1669_p3      |  select  |   0|  0|   13|           1|          13|
    |select_ln848_fu_2224_p3      |  select  |   0|  0|   63|           1|           1|
    |tmp_V_fu_2103_p3             |  select  |   0|  0|   52|           1|          52|
    |ap_enable_pp0                |    xor   |   0|  0|    2|           1|           2|
    |xor_ln369_fu_673_p2          |    xor   |   0|  0|    2|           1|           2|
    |xor_ln657_fu_2209_p2         |    xor   |   0|  0|    2|           1|           2|
    |xor_ln832_fu_2148_p2         |    xor   |   0|  0|    2|           1|           2|
    |xor_ln964_fu_618_p2          |    xor   |   0|  0|    2|           1|           2|
    +-----------------------------+----------+----+---+-----+------------+------------+
    |Total                        |          |   0|  0| 4709|        3492|        4025|
    +-----------------------------+----------+----+---+-----+------------+------------+

    * Multiplexer: 
    N/A

    * Register: 
    +-------------------------------------+-----+----+-----+-----------+
    |                 Name                |  FF | LUT| Bits| Const Bits|
    +-------------------------------------+-----+----+-----+-----------+
    |Z2_reg_2531                          |    8|   0|    8|          0|
    |Z2_reg_2531_pp0_iter14_reg           |    8|   0|    8|          0|
    |Z3_reg_2538                          |    8|   0|    8|          0|
    |Z4_reg_2543                          |   35|   0|   35|          0|
    |a_1_reg_2348                         |    6|   0|    6|          0|
    |a_2_reg_2365                         |    6|   0|    6|          0|
    |a_reg_2326                           |    4|   0|    4|          0|
    |add_ln657_7_reg_2568                 |   36|   0|   36|          0|
    |and_ln407_1_reg_2307                 |    1|   0|    1|          0|
    |ap_CS_fsm                            |    1|   0|    1|          0|
    |ap_enable_reg_pp0_iter1              |    1|   0|    1|          0|
    |ap_enable_reg_pp0_iter10             |    1|   0|    1|          0|
    |ap_enable_reg_pp0_iter11             |    1|   0|    1|          0|
    |ap_enable_reg_pp0_iter12             |    1|   0|    1|          0|
    |ap_enable_reg_pp0_iter13             |    1|   0|    1|          0|
    |ap_enable_reg_pp0_iter14             |    1|   0|    1|          0|
    |ap_enable_reg_pp0_iter15             |    1|   0|    1|          0|
    |ap_enable_reg_pp0_iter16             |    1|   0|    1|          0|
    |ap_enable_reg_pp0_iter17             |    1|   0|    1|          0|
    |ap_enable_reg_pp0_iter2              |    1|   0|    1|          0|
    |ap_enable_reg_pp0_iter3              |    1|   0|    1|          0|
    |ap_enable_reg_pp0_iter4              |    1|   0|    1|          0|
    |ap_enable_reg_pp0_iter5              |    1|   0|    1|          0|
    |ap_enable_reg_pp0_iter6              |    1|   0|    1|          0|
    |ap_enable_reg_pp0_iter7              |    1|   0|    1|          0|
    |ap_enable_reg_pp0_iter8              |    1|   0|    1|          0|
    |ap_enable_reg_pp0_iter9              |    1|   0|    1|          0|
    |b_exp_2_reg_2292                     |   12|   0|   12|          0|
    |exp_Z1P_m_1_V_reg_2583               |   50|   0|   50|          0|
    |exp_Z1_V_reg_2578                    |   58|   0|   58|          0|
    |exp_Z1_hi_V_reg_2588                 |   50|   0|   50|          0|
    |icmp_ln828_1_reg_2281                |    1|   0|    1|          0|
    |icmp_ln828_reg_2263                  |    1|   0|    1|          0|
    |icmp_ln844_reg_2593                  |    1|   0|    1|          0|
    |icmp_ln848_reg_2598                  |    1|   0|    1|          0|
    |m_diff_hi_V_reg_2526                 |    8|   0|    8|          0|
    |mul_ln682_reg_2319                   |   54|   0|   54|          0|
    |p_Repl2_s_reg_2257                   |   52|   0|   52|          0|
    |p_Result_16_reg_2499                 |    1|   0|    1|          0|
    |p_Result_16_reg_2499_pp0_iter10_reg  |    1|   0|    1|          0|
    |p_Result_s_reg_2287                  |    1|   0|    1|          0|
    |r_exp_V_reg_2519                     |   13|   0|   13|          0|
    |ret_V_17_reg_2494                    |  120|   0|  120|          0|
    |ret_V_34_reg_2563                    |   34|   0|   43|          9|
    |ret_V_5_reg_2359                     |   82|   0|   82|          0|
    |sel_tmp13_reg_2313                   |    1|   0|    1|          0|
    |select_ln657_reg_2603                |   63|   0|   64|          1|
    |tmp_10_reg_2433                      |   71|   0|   71|          0|
    |tmp_11_reg_2438                      |    6|   0|    6|          0|
    |tmp_12_reg_2484                      |   72|   0|   72|          0|
    |tmp_13_reg_2489                      |   40|   0|   40|          0|
    |tmp_2_reg_2404                       |    6|   0|    6|          0|
    |tmp_4_reg_2354                       |   67|   0|   67|          0|
    |tmp_5_reg_2416                       |   76|   0|   76|          0|
    |tmp_6_reg_2337                       |    1|   0|    1|          0|
    |tmp_7_reg_2421                       |    6|   0|    6|          0|
    |tmp_7_reg_2421_pp0_iter7_reg         |    6|   0|    6|          0|
    |tmp_8_reg_2382                       |   86|   0|   86|          0|
    |tmp_9_reg_2387                       |    6|   0|    6|          0|
    |tmp_s_reg_2399                       |   81|   0|   81|          0|
    |trunc_ln2_reg_2509                   |   59|   0|   59|          0|
    |trunc_ln657_3_reg_2371               |   76|   0|   76|          0|
    |trunc_ln657_reg_2332                 |   50|   0|   50|          0|
    |x_is_1_reg_2268                      |    1|   0|    1|          0|
    |x_is_p1_reg_2275                     |    1|   0|    1|          0|
    |z2_V_reg_2342                        |   73|   0|   73|          0|
    |z4_V_reg_2376                        |   92|   0|   92|          0|
    |z5_V_reg_2393                        |   87|   0|   87|          0|
    |z6_V_reg_2410                        |   82|   0|   82|          0|
    |z7_V_reg_2427                        |   77|   0|   77|          0|
    |zext_ln492_reg_2297                  |    6|   0|   64|         58|
    |a_1_reg_2348                         |   64|  32|    6|          0|
    |a_2_reg_2365                         |   64|  32|    6|          0|
    |a_reg_2326                           |   64|  32|    4|          0|
    |and_ln407_1_reg_2307                 |   64|  32|    1|          0|
    |b_exp_2_reg_2292                     |   64|  32|   12|          0|
    |icmp_ln828_1_reg_2281                |   64|  32|    1|          0|
    |icmp_ln828_reg_2263                  |   64|  32|    1|          0|
    |r_exp_V_reg_2519                     |   64|  32|   13|          0|
    |ret_V_17_reg_2494                    |   64|  32|  120|          0|
    |sel_tmp13_reg_2313                   |   64|  32|    1|          0|
    |tmp_2_reg_2404                       |   64|  32|    6|          0|
    |tmp_9_reg_2387                       |   64|  32|    6|          0|
    |trunc_ln2_reg_2509                   |   64|  32|   59|          0|
    |x_is_1_reg_2268                      |   64|  32|    1|          0|
    |x_is_p1_reg_2275                     |   64|  32|    1|          0|
    |zext_ln492_reg_2297                  |   64|  32|   64|         58|
    +-------------------------------------+-----+----+-----+-----------+
    |Total                                | 2886| 512| 2232|        126|
    +-------------------------------------+-----+----+-----+-----------+



================================================================
== Interface
================================================================
* Summary: 
+-----------+-----+-----+------------+---------------------+--------------+
| RTL Ports | Dir | Bits|  Protocol  |    Source Object    |    C Type    |
+-----------+-----+-----+------------+---------------------+--------------+
|ap_clk     |  in |    1| ap_ctrl_hs | pow_generic<double> | return value |
|ap_rst     |  in |    1| ap_ctrl_hs | pow_generic<double> | return value |
|ap_start   |  in |    1| ap_ctrl_hs | pow_generic<double> | return value |
|ap_done    | out |    1| ap_ctrl_hs | pow_generic<double> | return value |
|ap_idle    | out |    1| ap_ctrl_hs | pow_generic<double> | return value |
|ap_ready   | out |    1| ap_ctrl_hs | pow_generic<double> | return value |
|ap_ce      |  in |    1| ap_ctrl_hs | pow_generic<double> | return value |
|ap_return  | out |   64| ap_ctrl_hs | pow_generic<double> | return value |
|base_r     |  in |   64|   ap_none  |        base_r       |    scalar    |
+-----------+-----+-----+------------+---------------------+--------------+

